File : ./test-data/test-samples/smoky/pe/Correct32.bin
