File : ./test-data/test-samples/smoky/pe/Correct64.bin
