File : ./test-data/test-samples/smoky/pe/ExportedSomeForwards32.bin
