File : ./test-data/test-samples/smoky/pe/exportElementsCountIsZero32.bin
