File : ./test-data/test-samples/smoky/pe/ExportedByOrdinals32.bin
