File : ./test-data/test-samples/smoky/pe/Incomplete_DosHeader.bin
Application Error : This file is not PE32/PE32+
