File : ./test-data/test-samples/smoky/pe/Incorrect_NtSignature.bin
Application Error : This file is not PE32/PE32+
