File : ./test-data/test-samples/smoky/pe/Incomplete_SectionHeaders64.bin
Application Error : Cannot read NT Sections Headers area
