File : ./test-data/test-samples/smoky/pe/mz_pe_combined32_00.bin
