File : ./test-data/test-samples/smoky/pe/OrdinalBase_is_5_img32.bin
