File : ./test-data/test-samples/smoky/pe/pe_vectors.txt
Application Error : This file is not PE32/PE32+
