File : ./test-data/test-samples/smoky/pe/SectionAndFileAlignments_are_identical.bin
