File : ./test-data/test-samples/smoky/pe/TlsCallback.bin
