{
	"Dos-Header": {
		"e_cblp": "0x90",
		"e_cp": "0x3",
		"e_cparhdr": "0x4",
		"e_crlc": "0x0",
		"e_cs": "0x0",
		"e_csum": "0x0",
		"e_ip": "0x0",
		"e_lfanew": "0xC8",
		"e_lfarlc": "0x40",
		"e_magic": "0x5A4D",
		"e_maxalloc": "0xFFFF",
		"e_minalloc": "0x0",
		"e_oemid": "0x0",
		"e_oeminfo": "0x0",
		"e_ovno": "0x0",
		"e_res": [
			"0x0",
			"0x0",
			"0x0",
			"0x0"
		],
		"e_res2": [
			"0x0",
			"0x0",
			"0x0",
			"0x0",
			"0x0",
			"0x0",
			"0x0",
			"0x0",
			"0x0",
			"0x0"
		],
		"e_sp": "0xB8",
		"e_ss": "0x0"
	},
	"NT-Headers": {
		"FileHeader": {
			"Characteristics": "0x10F",
			"Machine": "0x14C",
			"NumberOfSections": "3",
			"NumberOfSymbols": "0",
			"PointerToSymbolTable": "0x0",
			"SizeOfOptionalHeader": "0xE0",
			"TimeDateStamp": "0x45A7F2E2"
		},
		"OptionalHeader": {
			"AddressOfEntryPoint": "0x18A8",
			"BaseOfCode": "0x1000",
			"CheckSum": "0x2039D",
			"DataDirectory": [
				{
					"Size": "0x0",
					"VirtualAddress": "0x0"
				},
				{
					"Size": "0x28",
					"VirtualAddress": "0x151B4"
				},
				{
					"Size": "0x8B8",
					"VirtualAddress": "0x17000"
				},
				{
					"Size": "0x0",
					"VirtualAddress": "0x0"
				},
				{
					"Size": "0x0",
					"VirtualAddress": "0x0"
				},
				{
					"Size": "0x0",
					"VirtualAddress": "0x0"
				},
				{
					"Size": "0x0",
					"VirtualAddress": "0x0"
				},
				{
					"Size": "0x0",
					"VirtualAddress": "0x0"
				},
				{
					"Size": "0x0",
					"VirtualAddress": "0x0"
				},
				{
					"Size": "0x0",
					"VirtualAddress": "0x0"
				},
				{
					"Size": "0x0",
					"VirtualAddress": "0x0"
				},
				{
					"Size": "0x20",
					"VirtualAddress": "0x238"
				},
				{
					"Size": "0x1A8",
					"VirtualAddress": "0x1000"
				},
				{
					"Size": "0x0",
					"VirtualAddress": "0x0"
				},
				{
					"Size": "0x0",
					"VirtualAddress": "0x0"
				},
				{
					"Size": "0x0",
					"VirtualAddress": "0x0"
				}
			],
			"DllCharacteristics": "0x0",
			"FileAlignment": "0x1000",
			"ImageBase": "0x400000",
			"LoaderFlags": "0x0",
			"Magic": "0x10B",
			"MajorImageVersion": "1",
			"MajorLinkerVersion": "6",
			"MajorOperatingSystemVersion": "4",
			"MajorSubsystemVersion": "4",
			"MinorImageVersion": "0",
			"MinorLinkerVersion": "0",
			"MinorOperatingSystemVersion": "0",
			"MinorSubsystemVersion": "0",
			"NumberOfRvaAndSizes": "16",
			"SectionAlignment": "0x1000",
			"SizeOfCode": "0x15000",
			"SizeOfHeaders": "0x1000",
			"SizeOfHeapCommit": "0x1000",
			"SizeOfHeapReserve": "0x100000",
			"SizeOfImage": "0x18000",
			"SizeOfInitializedData": "0x2000",
			"SizeOfStackCommit": "0x1000",
			"SizeOfStackReserve": "0x100000",
			"SizeOfUninitializedData": "0x0",
			"Subsystem": "0x2",
			"Win32VersionValue": "0"
		},
		"Signature": "0x4550"
	},
	"bound-directories-details": [
		{
			"moduleName": "MSVBVM60.DLL",
			"moduleNamePos": "0x248",
			"moduleNameRva": "0x248",
			"timestampUTC0": "Wed, 2004-Aug-04, 07:59:12"
		}
	],
	"bound-directories-headers": [
		{
			"NumberOfModuleForwarderRefs": "0",
			"OffsetModuleName": "0x10",
			"TimeDateStamp": "0x41109750",
			"forwarders": null
		}
	],
	"nt-sections": [
		{
			"Characteristics": "0x60000020",
			"Name": ".text",
			"NumberOfLinenumbers": "0",
			"NumberOfRelocations": "0",
			"PointerToLinenumbers": "0x0",
			"PointerToRawData": "0x1000",
			"PointerToRelocations": "0x0",
			"SizeOfRawData": "0x15000",
			"VirtualAddress": "0x1000",
			"VirtualSize": "0x14934"
		},
		{
			"Characteristics": "0xC0000040",
			"Name": ".data",
			"NumberOfLinenumbers": "0",
			"NumberOfRelocations": "0",
			"PointerToLinenumbers": "0x0",
			"PointerToRawData": "0x16000",
			"PointerToRelocations": "0x0",
			"SizeOfRawData": "0x1000",
			"VirtualAddress": "0x16000",
			"VirtualSize": "0xFD0"
		},
		{
			"Characteristics": "0x40000040",
			"Name": ".rsrc",
			"NumberOfLinenumbers": "0",
			"NumberOfRelocations": "0",
			"PointerToLinenumbers": "0x0",
			"PointerToRawData": "0x17000",
			"PointerToRelocations": "0x0",
			"SizeOfRawData": "0x1000",
			"VirtualAddress": "0x17000",
			"VirtualSize": "0x8B8"
		}
	],
	"nt-sections-details": [
		{
			"Characteristics": "code,executable,readable",
			"Name": ".text",
			"entropy": "0.000",
			"real-file-offset": "0x1000",
			"real-size": "0x15000"
		},
		{
			"Characteristics": "initialized,readable,writeable",
			"Name": ".data",
			"entropy": "0.000",
			"real-file-offset": "0x16000",
			"real-size": "0x1000"
		},
		{
			"Characteristics": "initialized,readable",
			"Name": ".rsrc",
			"entropy": "0.000",
			"real-file-offset": "0x17000",
			"real-size": "0x1000"
		}
	]
}