{
	"Dos-Header": {
		"e_cblp": "0x90", 
		"e_cp": "0x3", 
		"e_cparhdr": "0x4", 
		"e_crlc": "0x0", 
		"e_cs": "0x0", 
		"e_csum": "0x0", 
		"e_ip": "0x0", 
		"e_lfanew": "0xB8", 
		"e_lfarlc": "0x40", 
		"e_magic": "0x5A4D", 
		"e_maxalloc": "0xFFFF", 
		"e_minalloc": "0x0", 
		"e_oemid": "0x0", 
		"e_oeminfo": "0x0", 
		"e_ovno": "0x0", 
		"e_res": [
			"0x0", 
			"0x0", 
			"0x0", 
			"0x0"
		], 
		"e_res2": [
			"0x0", 
			"0x0", 
			"0x0", 
			"0x0", 
			"0x0", 
			"0x0", 
			"0x0", 
			"0x0", 
			"0x0", 
			"0x0"
		], 
		"e_sp": "0xB8", 
		"e_ss": "0x0"
	}, 
	"NT-Headers": {
		"FileHeader": {
			"Characteristics": "0x2102", 
			"Machine": "0x14C", 
			"NumberOfSections": "2", 
			"NumberOfSymbols": "0", 
			"PointerToSymbolTable": "0x0", 
			"SizeOfOptionalHeader": "0xE0", 
			"TimeDateStamp": "0x4A5BDB01"
		}, 
		"OptionalHeader": {
			"AddressOfEntryPoint": "0x0", 
			"BaseOfCode": "0x1000", 
			"CheckSum": "0x9C0F", 
			"DataDirectory": [
				{
					"Size": "0x2B0", 
					"VirtualAddress": "0x1020"
				}, 
				{
					"Size": "0x0", 
					"VirtualAddress": "0x0"
				}, 
				{
					"Size": "0x3E8", 
					"VirtualAddress": "0x2000"
				}, 
				{
					"Size": "0x0", 
					"VirtualAddress": "0x0"
				}, 
				{
					"Size": "0x0", 
					"VirtualAddress": "0x0"
				}, 
				{
					"Size": "0x0", 
					"VirtualAddress": "0x0"
				}, 
				{
					"Size": "0x1C", 
					"VirtualAddress": "0x1000"
				}, 
				{
					"Size": "0x0", 
					"VirtualAddress": "0x0"
				}, 
				{
					"Size": "0x0", 
					"VirtualAddress": "0x0"
				}, 
				{
					"Size": "0x0", 
					"VirtualAddress": "0x0"
				}, 
				{
					"Size": "0x0", 
					"VirtualAddress": "0x0"
				}, 
				{
					"Size": "0x0", 
					"VirtualAddress": "0x0"
				}, 
				{
					"Size": "0x0", 
					"VirtualAddress": "0x0"
				}, 
				{
					"Size": "0x0", 
					"VirtualAddress": "0x0"
				}, 
				{
					"Size": "0x0", 
					"VirtualAddress": "0x0"
				}, 
				{
					"Size": "0x0", 
					"VirtualAddress": "0x0"
				}
			], 
			"DllCharacteristics": "0x540", 
			"FileAlignment": "0x200", 
			"ImageBase": "0x400000", 
			"LoaderFlags": "0x0", 
			"Magic": "0x10B", 
			"MajorImageVersion": "6", 
			"MajorLinkerVersion": "9", 
			"MajorOperatingSystemVersion": "6", 
			"MajorSubsystemVersion": "6", 
			"MinorImageVersion": "1", 
			"MinorLinkerVersion": "0", 
			"MinorOperatingSystemVersion": "1", 
			"MinorSubsystemVersion": "1", 
			"NumberOfRvaAndSizes": "16", 
			"SectionAlignment": "0x1000", 
			"SizeOfCode": "0x0", 
			"SizeOfHeaders": "0x200", 
			"SizeOfHeapCommit": "0x1000", 
			"SizeOfHeapReserve": "0x100000", 
			"SizeOfImage": "0x3000", 
			"SizeOfInitializedData": "0x800", 
			"SizeOfStackCommit": "0x1000", 
			"SizeOfStackReserve": "0x40000", 
			"SizeOfUninitializedData": "0x0", 
			"Subsystem": "0x3", 
			"Win32VersionValue": "0"
		}, 
		"Signature": "0x4550"
	}, 
	"export-directory-details": [
		{
			"forward-to": "sfc_os.SRSetRestorePointA", 
			"name": "SRSetRestorePoint", 
			"ordinal": "0xA"
		}, 
		{
			"forward-to": "sfc_os.SRSetRestorePointA", 
			"name": "SRSetRestorePointA", 
			"ordinal": "0xB"
		}, 
		{
			"forward-to": "sfc_os.SRSetRestorePointW", 
			"name": "SRSetRestorePointW", 
			"ordinal": "0xC"
		}, 
		{
			"forward-to": "sfc_os.SfcGetNextProtectedFile", 
			"name": "SfcGetNextProtectedFile", 
			"ordinal": "0xD"
		}, 
		{
			"forward-to": "sfc_os.SfcIsFileProtected", 
			"name": "SfcIsFileProtected", 
			"ordinal": "0xE"
		}, 
		{
			"forward-to": "sfc_os.SfcIsKeyProtected", 
			"name": "SfcIsKeyProtected", 
			"ordinal": "0xF"
		}, 
		{
			"forward-to": "sfc_os.SfpVerifyFile", 
			"name": "SfpVerifyFile", 
			"ordinal": "0x10"
		}, 
		{
			"forward-to": "sfc_os.SfpInstallCatalog", 
			"name": "n/a", 
			"ordinal": "0x8"
		}, 
		{
			"forward-to": "sfc_os.SfpDeleteCatalog", 
			"name": "n/a", 
			"ordinal": "0x9"
		}, 
		{
			"forward-to": "sfc_os.SRSetRestorePointA", 
			"name": "n/a", 
			"ordinal": "0xA"
		}, 
		{
			"forward-to": "sfc_os.SRSetRestorePointA", 
			"name": "n/a", 
			"ordinal": "0xB"
		}, 
		{
			"forward-to": "sfc_os.SRSetRestorePointW", 
			"name": "n/a", 
			"ordinal": "0xC"
		}, 
		{
			"forward-to": "sfc_os.SfcGetNextProtectedFile", 
			"name": "n/a", 
			"ordinal": "0xD"
		}, 
		{
			"forward-to": "sfc_os.SfcIsFileProtected", 
			"name": "n/a", 
			"ordinal": "0xE"
		}, 
		{
			"forward-to": "sfc_os.SfcIsKeyProtected", 
			"name": "n/a", 
			"ordinal": "0xF"
		}, 
		{
			"forward-to": "sfc_os.SfpVerifyFile", 
			"name": "n/a", 
			"ordinal": "0x10"
		}
	], 
	"export-directory-header": {
		"AddressOfFunctions": "0x1048", 
		"AddressOfNameOrdinals": "0x10A4", 
		"AddressOfNames": "0x1088", 
		"Base": "0x1", 
		"Characteristics": "0x0", 
		"MajorVersion": "0", 
		"MinorVersion": "0", 
		"Name": "0x10B2", 
		"NumberOfFunctions": "16", 
		"NumberOfNames": "7", 
		"TimeDateStamp": "0x4A5BA693"
	}, 
	"nt-sections": [
		{
			"Characteristics": "0x40000040", 
			"Name": ".text", 
			"NumberOfLinenumbers": "0", 
			"NumberOfRelocations": "0", 
			"PointerToLinenumbers": "0x0", 
			"PointerToRawData": "0x200", 
			"PointerToRelocations": "0x0", 
			"SizeOfRawData": "0x400", 
			"VirtualAddress": "0x1000", 
			"VirtualSize": "0x2F0"
		}, 
		{
			"Characteristics": "0x40000040", 
			"Name": ".rsrc", 
			"NumberOfLinenumbers": "0", 
			"NumberOfRelocations": "0", 
			"PointerToLinenumbers": "0x0", 
			"PointerToRawData": "0x600", 
			"PointerToRelocations": "0x0", 
			"SizeOfRawData": "0x400", 
			"VirtualAddress": "0x2000", 
			"VirtualSize": "0x3E8"
		}
	], 
	"nt-sections-details": [
		{
			"Characteristics": "initialized,readable", 
			"Name": ".text", 
			"entropy": "4.098", 
			"real-file-offset": "0x200", 
			"real-size": "0x400"
		}, 
		{
			"Characteristics": "initialized,readable", 
			"Name": ".rsrc", 
			"entropy": "3.341", 
			"real-file-offset": "0x600", 
			"real-size": "0x400"
		}
	]
}