File : .\pe\Incomplete_SectionHeaders32.bin
Application Error : Cannot read NT Sections Headers area
