File : .\pe\Incorrect_OptHdrMagicVal32.bin
Application Error : Incorrect Optional Header Magic
