{
	"Dos-Header": {
		"e_cblp": "0x90",
		"e_cp": "0x3",
		"e_cparhdr": "0x4",
		"e_crlc": "0x0",
		"e_cs": "0x0",
		"e_csum": "0x0",
		"e_ip": "0x0",
		"e_lfanew": "0x278",
		"e_lfarlc": "0x40",
		"e_magic": "0x5A4D",
		"e_maxalloc": "0xFFFF",
		"e_minalloc": "0x0",
		"e_oemid": "0x0",
		"e_oeminfo": "0x0",
		"e_ovno": "0x0",
		"e_res": [
			"0x0",
			"0x0",
			"0x0",
			"0x0"
		],
		"e_res2": [
			"0x0",
			"0x0",
			"0x0",
			"0x0",
			"0x0",
			"0x0",
			"0x0",
			"0x0",
			"0x0",
			"0x0"
		],
		"e_sp": "0xB8",
		"e_ss": "0x0"
	},
	"NT-Headers": {
		"FileHeader": {
			"Characteristics": "0x102",
			"Machine": "0x14C",
			"NumberOfSections": "22",
			"NumberOfSymbols": "0",
			"PointerToSymbolTable": "0x0",
			"SizeOfOptionalHeader": "0xE0",
			"TimeDateStamp": "0x4E02A381"
		},
		"OptionalHeader": {
			"AddressOfEntryPoint": "0x1164F0",
			"BaseOfCode": "0x1000",
			"CheckSum": "0x3C0950",
			"DataDirectory": [
				{
					"Size": "0x11277",
					"VirtualAddress": "0x346000"
				},
				{
					"Size": "0x8C",
					"VirtualAddress": "0x3B2B48"
				},
				{
					"Size": "0x34510",
					"VirtualAddress": "0x3B4000"
				},
				{
					"Size": "0x0",
					"VirtualAddress": "0x0"
				},
				{
					"Size": "0x1B80",
					"VirtualAddress": "0x3B9800"
				},
				{
					"Size": "0x19038",
					"VirtualAddress": "0x3E9000"
				},
				{
					"Size": "0x38",
					"VirtualAddress": "0x115DC0"
				},
				{
					"Size": "0x0",
					"VirtualAddress": "0x0"
				},
				{
					"Size": "0x0",
					"VirtualAddress": "0x0"
				},
				{
					"Size": "0x0",
					"VirtualAddress": "0x0"
				},
				{
					"Size": "0x40",
					"VirtualAddress": "0xC3520"
				},
				{
					"Size": "0x0",
					"VirtualAddress": "0x0"
				},
				{
					"Size": "0x26C",
					"VirtualAddress": "0x1000"
				},
				{
					"Size": "0x0",
					"VirtualAddress": "0x0"
				},
				{
					"Size": "0x0",
					"VirtualAddress": "0x0"
				},
				{
					"Size": "0x0",
					"VirtualAddress": "0x0"
				}
			],
			"DllCharacteristics": "0x0",
			"FileAlignment": "0x200",
			"ImageBase": "0x400000",
			"LoaderFlags": "0x0",
			"Magic": "0x10B",
			"MajorImageVersion": "6",
			"MajorLinkerVersion": "9",
			"MajorOperatingSystemVersion": "6",
			"MajorSubsystemVersion": "6",
			"MinorImageVersion": "1",
			"MinorLinkerVersion": "0",
			"MinorOperatingSystemVersion": "1",
			"MinorSubsystemVersion": "1",
			"NumberOfRvaAndSizes": "16",
			"SectionAlignment": "0x1000",
			"SizeOfCode": "0x338E00",
			"SizeOfHeaders": "0x800",
			"SizeOfHeapCommit": "0x1000",
			"SizeOfHeapReserve": "0x100000",
			"SizeOfImage": "0x403000",
			"SizeOfInitializedData": "0xBDE00",
			"SizeOfStackCommit": "0x2000",
			"SizeOfStackReserve": "0x40000",
			"SizeOfUninitializedData": "0x2800",
			"Subsystem": "0x1",
			"Win32VersionValue": "0"
		},
		"Signature": "0x4550"
	},
	"nt-sections": [
		{
			"Characteristics": "0x68000020",
			"Name": ".text",
			"NumberOfLinenumbers": "0",
			"NumberOfRelocations": "0",
			"PointerToLinenumbers": "0x0",
			"PointerToRawData": "0x800",
			"PointerToRelocations": "0x0",
			"SizeOfRawData": "0x115000",
			"VirtualAddress": "0x1000",
			"VirtualSize": "0x114E21"
		},
		{
			"Characteristics": "0x68000020",
			"Name": "_PAGELK",
			"NumberOfLinenumbers": "0",
			"NumberOfRelocations": "0",
			"PointerToLinenumbers": "0x0",
			"PointerToRawData": "0x115800",
			"PointerToRelocations": "0x0",
			"SizeOfRawData": "0xA00",
			"VirtualAddress": "0x116000",
			"VirtualSize": "0x8B1"
		},
		{
			"Characteristics": "0x68000020",
			"Name": "POOLMI",
			"NumberOfLinenumbers": "0",
			"NumberOfRelocations": "0",
			"PointerToLinenumbers": "0x0",
			"PointerToRawData": "0x116200",
			"PointerToRelocations": "0x0",
			"SizeOfRawData": "0xA00",
			"VirtualAddress": "0x117000",
			"VirtualSize": "0x947"
		},
		{
			"Characteristics": "0x68000020",
			"Name": "POOLCODE",
			"NumberOfLinenumbers": "0",
			"NumberOfRelocations": "0",
			"PointerToLinenumbers": "0x0",
			"PointerToRawData": "0x116C00",
			"PointerToRelocations": "0x0",
			"SizeOfRawData": "0x1A00",
			"VirtualAddress": "0x118000",
			"VirtualSize": "0x19F7"
		},
		{
			"Characteristics": "0xC8000040",
			"Name": ".data",
			"NumberOfLinenumbers": "0",
			"NumberOfRelocations": "0",
			"PointerToLinenumbers": "0x0",
			"PointerToRawData": "0x118600",
			"PointerToRelocations": "0x0",
			"SizeOfRawData": "0x8C00",
			"VirtualAddress": "0x11A000",
			"VirtualSize": "0x44D0C"
		},
		{
			"Characteristics": "0xC8000040",
			"Name": "ALMOSTRO",
			"NumberOfLinenumbers": "0",
			"NumberOfRelocations": "0",
			"PointerToLinenumbers": "0x0",
			"PointerToRawData": "0x121200",
			"PointerToRelocations": "0x0",
			"SizeOfRawData": "0xE00",
			"VirtualAddress": "0x15F000",
			"VirtualSize": "0xC50"
		},
		{
			"Characteristics": "0xC8000040",
			"Name": "SPINLOCK",
			"NumberOfLinenumbers": "0",
			"NumberOfRelocations": "0",
			"PointerToLinenumbers": "0x0",
			"PointerToRawData": "0x122000",
			"PointerToRelocations": "0x0",
			"SizeOfRawData": "0x400",
			"VirtualAddress": "0x160000",
			"VirtualSize": "0x1BC4"
		},
		{
			"Characteristics": "0x60000020",
			"Name": "PAGE",
			"NumberOfLinenumbers": "0",
			"NumberOfRelocations": "0",
			"PointerToLinenumbers": "0x0",
			"PointerToRawData": "0x122400",
			"PointerToRelocations": "0x0",
			"SizeOfRawData": "0x1ABC00",
			"VirtualAddress": "0x162000",
			"VirtualSize": "0x1ABAEC"
		},
		{
			"Characteristics": "0x60000020",
			"Name": "PAGELK",
			"NumberOfLinenumbers": "0",
			"NumberOfRelocations": "0",
			"PointerToLinenumbers": "0x0",
			"PointerToRawData": "0x2CE000",
			"PointerToRelocations": "0x0",
			"SizeOfRawData": "0x11200",
			"VirtualAddress": "0x30E000",
			"VirtualSize": "0x111E1"
		},
		{
			"Characteristics": "0x60000020",
			"Name": "PAGEKD",
			"NumberOfLinenumbers": "0",
			"NumberOfRelocations": "0",
			"PointerToLinenumbers": "0x0",
			"PointerToRawData": "0x2DF200",
			"PointerToRelocations": "0x0",
			"SizeOfRawData": "0x4800",
			"VirtualAddress": "0x320000",
			"VirtualSize": "0x46DB"
		},
		{
			"Characteristics": "0x60000020",
			"Name": "PAGEVRFY",
			"NumberOfLinenumbers": "0",
			"NumberOfRelocations": "0",
			"PointerToLinenumbers": "0x0",
			"PointerToRawData": "0x2E3A00",
			"PointerToRelocations": "0x0",
			"SizeOfRawData": "0x17000",
			"VirtualAddress": "0x325000",
			"VirtualSize": "0x16F01"
		},
		{
			"Characteristics": "0x60000020",
			"Name": "PAGEHDLS",
			"NumberOfLinenumbers": "0",
			"NumberOfRelocations": "0",
			"PointerToLinenumbers": "0x0",
			"PointerToRawData": "0x2FAA00",
			"PointerToRelocations": "0x0",
			"SizeOfRawData": "0x1E00",
			"VirtualAddress": "0x33C000",
			"VirtualSize": "0x1D9A"
		},
		{
			"Characteristics": "0x60000020",
			"Name": "PAGEBGFX",
			"NumberOfLinenumbers": "0",
			"NumberOfRelocations": "0",
			"PointerToLinenumbers": "0x0",
			"PointerToRawData": "0x2FC800",
			"PointerToRelocations": "0x0",
			"SizeOfRawData": "0x4E00",
			"VirtualAddress": "0x33E000",
			"VirtualSize": "0x4CB5"
		},
		{
			"Characteristics": "0xC0000080",
			"Name": "PAGEVRFB",
			"NumberOfLinenumbers": "0",
			"NumberOfRelocations": "0",
			"PointerToLinenumbers": "0x0",
			"PointerToRawData": "0x0",
			"PointerToRelocations": "0x0",
			"SizeOfRawData": "0x0",
			"VirtualAddress": "0x343000",
			"VirtualSize": "0x2648"
		},
		{
			"Characteristics": "0x40000040",
			"Name": ".edata",
			"NumberOfLinenumbers": "0",
			"NumberOfRelocations": "0",
			"PointerToLinenumbers": "0x0",
			"PointerToRawData": "0x301600",
			"PointerToRelocations": "0x0",
			"SizeOfRawData": "0x11400",
			"VirtualAddress": "0x346000",
			"VirtualSize": "0x11277"
		},
		{
			"Characteristics": "0xC0000040",
			"Name": "PAGEDATA",
			"NumberOfLinenumbers": "0",
			"NumberOfRelocations": "0",
			"PointerToLinenumbers": "0x0",
			"PointerToRawData": "0x312A00",
			"PointerToRelocations": "0x0",
			"SizeOfRawData": "0x8400",
			"VirtualAddress": "0x358000",
			"VirtualSize": "0x847C"
		},
		{
			"Characteristics": "0xC0000040",
			"Name": "PAGEKDD",
			"NumberOfLinenumbers": "0",
			"NumberOfRelocations": "0",
			"PointerToLinenumbers": "0x0",
			"PointerToRawData": "0x31AE00",
			"PointerToRelocations": "0x0",
			"SizeOfRawData": "0xC200",
			"VirtualAddress": "0x361000",
			"VirtualSize": "0xC019"
		},
		{
			"Characteristics": "0x40000040",
			"Name": "PAGEVRFC",
			"NumberOfLinenumbers": "0",
			"NumberOfRelocations": "0",
			"PointerToLinenumbers": "0x0",
			"PointerToRawData": "0x327000",
			"PointerToRelocations": "0x0",
			"SizeOfRawData": "0x2600",
			"VirtualAddress": "0x36E000",
			"VirtualSize": "0x2576"
		},
		{
			"Characteristics": "0xC0000040",
			"Name": "PAGEVRFD",
			"NumberOfLinenumbers": "0",
			"NumberOfRelocations": "0",
			"PointerToLinenumbers": "0x0",
			"PointerToRawData": "0x329600",
			"PointerToRelocations": "0x0",
			"SizeOfRawData": "0xC00",
			"VirtualAddress": "0x371000",
			"VirtualSize": "0xB18"
		},
		{
			"Characteristics": "0xE2000020",
			"Name": "INIT",
			"NumberOfLinenumbers": "0",
			"NumberOfRelocations": "0",
			"PointerToLinenumbers": "0x0",
			"PointerToRawData": "0x32A200",
			"PointerToRelocations": "0x0",
			"SizeOfRawData": "0x41E00",
			"VirtualAddress": "0x372000",
			"VirtualSize": "0x41C78"
		},
		{
			"Characteristics": "0x40000040",
			"Name": ".rsrc",
			"NumberOfLinenumbers": "0",
			"NumberOfRelocations": "0",
			"PointerToLinenumbers": "0x0",
			"PointerToRawData": "0x36C000",
			"PointerToRelocations": "0x0",
			"SizeOfRawData": "0x34600",
			"VirtualAddress": "0x3B4000",
			"VirtualSize": "0x34510"
		},
		{
			"Characteristics": "0x42000040",
			"Name": ".reloc",
			"NumberOfLinenumbers": "0",
			"NumberOfRelocations": "0",
			"PointerToLinenumbers": "0x0",
			"PointerToRawData": "0x3A0600",
			"PointerToRelocations": "0x0",
			"SizeOfRawData": "0x19200",
			"VirtualAddress": "0x3E9000",
			"VirtualSize": "0x19038"
		}
	],
	"nt-sections-details": [
		{
			"Characteristics": "code,not pageable,executable,readable",
			"Name": ".text",
			"entropy": "0.000",
			"real-file-offset": "0x800",
			"real-size": "0x115000"
		},
		{
			"Characteristics": "code,not pageable,executable,readable",
			"Name": "_PAGELK",
			"entropy": "0.000",
			"real-file-offset": "0x115800",
			"real-size": "0xA00"
		},
		{
			"Characteristics": "code,not pageable,executable,readable",
			"Name": "POOLMI",
			"entropy": "0.000",
			"real-file-offset": "0x116200",
			"real-size": "0xA00"
		},
		{
			"Characteristics": "code,not pageable,executable,readable",
			"Name": "POOLCODE",
			"entropy": "0.000",
			"real-file-offset": "0x116C00",
			"real-size": "0x1A00"
		},
		{
			"Characteristics": "initialized,not pageable,readable,writeable",
			"Name": ".data",
			"entropy": "0.000",
			"real-file-offset": "0x118600",
			"real-size": "0x8C00"
		},
		{
			"Characteristics": "initialized,not pageable,readable,writeable",
			"Name": "ALMOSTRO",
			"entropy": "0.000",
			"real-file-offset": "0x121200",
			"real-size": "0xE00"
		},
		{
			"Characteristics": "initialized,not pageable,readable,writeable",
			"Name": "SPINLOCK",
			"entropy": "0.000",
			"real-file-offset": "0x122000",
			"real-size": "0x400"
		},
		{
			"Characteristics": "code,executable,readable",
			"Name": "PAGE",
			"entropy": "0.000",
			"real-file-offset": "0x122400",
			"real-size": "0x1ABC00"
		},
		{
			"Characteristics": "code,executable,readable",
			"Name": "PAGELK",
			"entropy": "0.000",
			"real-file-offset": "0x2CE000",
			"real-size": "0x11200"
		},
		{
			"Characteristics": "code,executable,readable",
			"Name": "PAGEKD",
			"entropy": "0.000",
			"real-file-offset": "0x2DF200",
			"real-size": "0x4800"
		},
		{
			"Characteristics": "code,executable,readable",
			"Name": "PAGEVRFY",
			"entropy": "0.000",
			"real-file-offset": "0x2E3A00",
			"real-size": "0x17000"
		},
		{
			"Characteristics": "code,executable,readable",
			"Name": "PAGEHDLS",
			"entropy": "0.000",
			"real-file-offset": "0x2FAA00",
			"real-size": "0x1E00"
		},
		{
			"Characteristics": "code,executable,readable",
			"Name": "PAGEBGFX",
			"entropy": "0.000",
			"real-file-offset": "0x2FC800",
			"real-size": "0x4E00"
		},
		{
			"Characteristics": "uninitialized,readable,writeable",
			"Name": "PAGEVRFB",
			"entropy": "0.000",
			"real-file-offset": "0x0",
			"real-size": "0x0"
		},
		{
			"Characteristics": "initialized,readable",
			"Name": ".edata",
			"entropy": "0.000",
			"real-file-offset": "0x301600",
			"real-size": "0x11400"
		},
		{
			"Characteristics": "initialized,readable,writeable",
			"Name": "PAGEDATA",
			"entropy": "0.000",
			"real-file-offset": "0x312A00",
			"real-size": "0x8400"
		},
		{
			"Characteristics": "initialized,readable,writeable",
			"Name": "PAGEKDD",
			"entropy": "0.000",
			"real-file-offset": "0x31AE00",
			"real-size": "0xC200"
		},
		{
			"Characteristics": "initialized,readable",
			"Name": "PAGEVRFC",
			"entropy": "0.000",
			"real-file-offset": "0x327000",
			"real-size": "0x2600"
		},
		{
			"Characteristics": "initialized,readable,writeable",
			"Name": "PAGEVRFD",
			"entropy": "0.000",
			"real-file-offset": "0x329600",
			"real-size": "0xC00"
		},
		{
			"Characteristics": "code,can be discarded,executable,readable,writeable",
			"Name": "INIT",
			"entropy": "0.000",
			"real-file-offset": "0x32A200",
			"real-size": "0x41E00"
		},
		{
			"Characteristics": "initialized,readable",
			"Name": ".rsrc",
			"entropy": "0.000",
			"real-file-offset": "0x36C000",
			"real-size": "0x34600"
		},
		{
			"Characteristics": "initialized,can be discarded,readable",
			"Name": ".reloc",
			"entropy": "0.000",
			"real-file-offset": "0x3A0600",
			"real-size": "0x19200"
		}
	]
}