File : .\Framework\readString_MoreThanInternalBuffer.bin
Application Error : This file is not PE32/PE32+
