File : .\pe\SectionAndFileAlignments_are_identical.bin
