{
	"Dos-Header": {
		"e_cblp": "0x80", 
		"e_cp": "0x1", 
		"e_cparhdr": "0x4", 
		"e_crlc": "0x0", 
		"e_cs": "0x0", 
		"e_csum": "0x0", 
		"e_ip": "0x0", 
		"e_lfanew": "0x80", 
		"e_lfarlc": "0x40", 
		"e_magic": "0x5A4D", 
		"e_maxalloc": "0xFFFF", 
		"e_minalloc": "0x10", 
		"e_oemid": "0x0", 
		"e_oeminfo": "0x0", 
		"e_ovno": "0x0", 
		"e_res": [
			"0x0", 
			"0x0", 
			"0x0", 
			"0x0"
		], 
		"e_res2": [
			"0x0", 
			"0x0", 
			"0x0", 
			"0x0", 
			"0x0", 
			"0x0", 
			"0x0", 
			"0x0", 
			"0x0", 
			"0x0"
		], 
		"e_sp": "0x140", 
		"e_ss": "0x0"
	}, 
	"NT-Headers": {
		"FileHeader": {
			"Characteristics": "0x10E", 
			"Machine": "0x14C", 
			"NumberOfSections": "2", 
			"NumberOfSymbols": "0", 
			"PointerToSymbolTable": "0x0", 
			"SizeOfOptionalHeader": "0xE0", 
			"TimeDateStamp": "0x5082F532"
		}, 
		"OptionalHeader": {
			"AddressOfEntryPoint": "0x1000", 
			"BaseOfCode": "0x1000", 
			"CheckSum": "0x345D", 
			"DataDirectory": [
				{
					"Size": "0x0", 
					"VirtualAddress": "0x0"
				}, 
				{
					"Size": "0x92", 
					"VirtualAddress": "0x2000"
				}, 
				{
					"Size": "0x0", 
					"VirtualAddress": "0x0"
				}, 
				{
					"Size": "0x0", 
					"VirtualAddress": "0x0"
				}, 
				{
					"Size": "0x0", 
					"VirtualAddress": "0x0"
				}, 
				{
					"Size": "0x0", 
					"VirtualAddress": "0x0"
				}, 
				{
					"Size": "0x0", 
					"VirtualAddress": "0x0"
				}, 
				{
					"Size": "0x0", 
					"VirtualAddress": "0x0"
				}, 
				{
					"Size": "0x0", 
					"VirtualAddress": "0x0"
				}, 
				{
					"Size": "0x1C", 
					"VirtualAddress": "0x1024"
				}, 
				{
					"Size": "0x0", 
					"VirtualAddress": "0x0"
				}, 
				{
					"Size": "0x0", 
					"VirtualAddress": "0x0"
				}, 
				{
					"Size": "0x0", 
					"VirtualAddress": "0x0"
				}, 
				{
					"Size": "0x0", 
					"VirtualAddress": "0x0"
				}, 
				{
					"Size": "0x0", 
					"VirtualAddress": "0x0"
				}, 
				{
					"Size": "0x0", 
					"VirtualAddress": "0x0"
				}
			], 
			"DllCharacteristics": "0x0", 
			"FileAlignment": "0x200", 
			"ImageBase": "0x400000", 
			"LoaderFlags": "0x0", 
			"Magic": "0x10B", 
			"MajorImageVersion": "0", 
			"MajorLinkerVersion": "1", 
			"MajorOperatingSystemVersion": "1", 
			"MajorSubsystemVersion": "3", 
			"MinorImageVersion": "0", 
			"MinorLinkerVersion": "68", 
			"MinorOperatingSystemVersion": "0", 
			"MinorSubsystemVersion": "10", 
			"NumberOfRvaAndSizes": "16", 
			"SectionAlignment": "0x1000", 
			"SizeOfCode": "0x200", 
			"SizeOfHeaders": "0x200", 
			"SizeOfHeapCommit": "0x0", 
			"SizeOfHeapReserve": "0x10000", 
			"SizeOfImage": "0x3000", 
			"SizeOfInitializedData": "0x400", 
			"SizeOfStackCommit": "0x1000", 
			"SizeOfStackReserve": "0x1000", 
			"SizeOfUninitializedData": "0x0", 
			"Subsystem": "0x2", 
			"Win32VersionValue": "0"
		}, 
		"Signature": "0x4550"
	}, 
	"import-directories-details": [
		{
			"elements": [
				{
					"hint": "0x0", 
					"name": "ExitProcess", 
					"offset": "0x45E", 
					"rva": "0x205E"
				}
			], 
			"name": "KERNEL32.DLL"
		}, 
		{
			"elements": [
				{
					"hint": "0x0", 
					"name": "MessageBoxA", 
					"offset": "0x47C", 
					"rva": "0x207C"
				}
			], 
			"name": "USER32.DLL"
		}
	], 
	"import-directory-headers": [
		{
			"FirstThunk": "0x205E", 
			"ForwarderChain": "0x0", 
			"Name": "0x203C", 
			"OriginalFirstThunk": "0x2056", 
			"TimeDateStamp": "0x0"
		}, 
		{
			"FirstThunk": "0x207C", 
			"ForwarderChain": "0x0", 
			"Name": "0x204A", 
			"OriginalFirstThunk": "0x2074", 
			"TimeDateStamp": "0x0"
		}
	], 
	"nt-sections": [
		{
			"Characteristics": "0xE0000060", 
			"Name": ".flat", 
			"NumberOfLinenumbers": "0", 
			"NumberOfRelocations": "0", 
			"PointerToLinenumbers": "0x0", 
			"PointerToRawData": "0x200", 
			"PointerToRelocations": "0x0", 
			"SizeOfRawData": "0x200", 
			"VirtualAddress": "0x1000", 
			"VirtualSize": "0x40"
		}, 
		{
			"Characteristics": "0x40000040", 
			"Name": ".idata", 
			"NumberOfLinenumbers": "0", 
			"NumberOfRelocations": "0", 
			"PointerToLinenumbers": "0x0", 
			"PointerToRawData": "0x400", 
			"PointerToRelocations": "0x0", 
			"SizeOfRawData": "0x200", 
			"VirtualAddress": "0x2000", 
			"VirtualSize": "0x92"
		}
	], 
	"nt-sections-details": [
		{
			"Characteristics": "code,initialized,executable,readable,writeable", 
			"Name": ".flat", 
			"entropy": "0.763", 
			"real-file-offset": "0x200", 
			"real-size": "0x200"
		}, 
		{
			"Characteristics": "initialized,readable", 
			"Name": ".idata", 
			"entropy": "1.126", 
			"real-file-offset": "0x400", 
			"real-size": "0x200"
		}
	], 
	"tls-directory-details": {
		"callbacks": [
			{
				"offset": "0x209", 
				"rva": "0x1009"
			}
		]
	}, 
	"tls-directory-header": {
		"AddressOfCallBacks": "0x401038", 
		"AddressOfIndex": "0x401034", 
		"Characteristics": "0x401009", 
		"EndAddressOfRawData": "0x401034", 
		"SizeOfZeroFill": "0x0", 
		"StartAddressOfRawData": "0x401034"
	}
}