File : .\stupid\vectors.md5
Application Error : This file is not PE32/PE32+
