File : ./test-data/test-samples/smoke/pe/boundHeaderOne.bin
