File : ./test-data/test-samples/smoke/pe/Correct64.bin
