File : ./test-data/test-samples/smoke/pe/cygintl-3.dll
