File : ./test-data/test-samples/smoke/pe/ExportedSomeForwards32.bin
