File : ./test-data/test-samples/smoke/pe/ExportedForwardOne32.bin
