File : ./test-data/test-samples/smoke/pe/exportElementsCountIsZero32.bin
