File : ./test-data/test-samples/smoke/pe/ExportedByOrdinals32.bin
