File : ./test-data/test-samples/smoke/pe/Incorrect_OptHdrMagicVal32.bin
Application Error : Incorrect Optional Header Magic
