File : ./test-data/test-samples/smoke/pe/Incorrect_OptHdrMagicVal64.bin
Application Error : Incorrect Optional Header Magic
