File : ./test-data/test-samples/smoke/pe/Incorrect_DosSignature.bin
Application Error : This file is not PE32/PE32+
