File : ./test-data/test-samples/smoke/pe/mz_pe_combined32_00.bin
