File : ./test-data/test-samples/smoke/pe/NtHeaders32_With22Sections.bin
