File : ./test-data/test-samples/smoke/pe/OrdinalBase_is_5_img32.bin
