File : ./test-data/test-samples/smoke/pe/pe_vectors.txt
Application Error : This file is not PE32/PE32+
