File : ./test-data/test-samples/smoke/pe/SectionAndFileAlignments_are_identical.bin
