File : ./test-data/test-samples/smoky/Framework/readString_MoreThanInternalBuffer.bin
Application Error : This file is not PE32/PE32+
