File : ./test-data/test-samples/smoky/stupid/EmptyFile.bin
Application Error : This file is not PE32/PE32+
